<html>
<body>
<pre>
<h1>µVision Build Log</h1>
<h2>Project:</h2>
D:\arm\arm_lcd16x2_lib_test\MDK-ARM\arm_lcd16x2_lib_test.uvproj
Project File Date:  03/16/2019

<h2>Output:</h2>
Build target 'arm_lcd16x2_lib_test'
compiling main.c...
D:\arm\arm_lcd16x2_lib_test\lcd.h(45): warning:  #188-D: enumerated type mixed with another type
                HAL_GPIO_WritePin(GPIOA,D4,1);
D:\arm\arm_lcd16x2_lib_test\lcd.h(47): warning:  #188-D: enumerated type mixed with another type
                HAL_GPIO_WritePin(GPIOA,D4,0);
D:\arm\arm_lcd16x2_lib_test\lcd.h(50): warning:  #188-D: enumerated type mixed with another type
                HAL_GPIO_WritePin(GPIOA,D5,1);
D:\arm\arm_lcd16x2_lib_test\lcd.h(52): warning:  #188-D: enumerated type mixed with another type
                HAL_GPIO_WritePin(GPIOA,D5,0);
D:\arm\arm_lcd16x2_lib_test\lcd.h(55): warning:  #188-D: enumerated type mixed with another type
                HAL_GPIO_WritePin(GPIOA,D6,1);
D:\arm\arm_lcd16x2_lib_test\lcd.h(57): warning:  #188-D: enumerated type mixed with another type
                HAL_GPIO_WritePin(GPIOA,D6,0);
D:\arm\arm_lcd16x2_lib_test\lcd.h(60): warning:  #188-D: enumerated type mixed with another type
                HAL_GPIO_WritePin(GPIOA,D7,1);
D:\arm\arm_lcd16x2_lib_test\lcd.h(62): warning:  #188-D: enumerated type mixed with another type
                HAL_GPIO_WritePin(GPIOA,D7,0);
D:\arm\arm_lcd16x2_lib_test\lcd.h(66): warning:  #188-D: enumerated type mixed with another type
        HAL_GPIO_WritePin(GPIOA,RS,0);             // => RS = 0
D:\arm\arm_lcd16x2_lib_test\lcd.h(68): warning:  #188-D: enumerated type mixed with another type
        HAL_GPIO_WritePin(GPIOA,EN,1);             // => E = 1
D:\arm\arm_lcd16x2_lib_test\lcd.h(70): warning:  #188-D: enumerated type mixed with another type
    HAL_GPIO_WritePin(GPIOA,EN,0);             // => E = 0
D:\arm\arm_lcd16x2_lib_test\lcd.h(124): warning:  #188-D: enumerated type mixed with another type
    HAL_GPIO_WritePin(GPIOA,RS,1);             // => RS = 1
D:\arm\arm_lcd16x2_lib_test\lcd.h(126): warning:  #188-D: enumerated type mixed with another type
     HAL_GPIO_WritePin(GPIOA,EN,1);
D:\arm\arm_lcd16x2_lib_test\lcd.h(128): warning:  #188-D: enumerated type mixed with another type
     HAL_GPIO_WritePin(GPIOA,EN,0);
D:\arm\arm_lcd16x2_lib_test\lcd.h(130): warning:  #188-D: enumerated type mixed with another type
     HAL_GPIO_WritePin(GPIOA,EN,1);
D:\arm\arm_lcd16x2_lib_test\lcd.h(132): warning:  #188-D: enumerated type mixed with another type
     HAL_GPIO_WritePin(GPIOA,EN,0);
D:\arm\arm_lcd16x2_lib_test\lcd.h(152): warning:  #1-D: last line of file ends without a newline
  }
../Src/main.c(16): warning:  #177-D: variable "a" was declared but never referenced
        int i,a;
../Src/main.c(171): warning:  #188-D: enumerated type mixed with another type
                            |GPIO_PIN_4|GPIO_PIN_5|GPIO_PIN_6|GPIO_PIN_7, GPIO_PIN_RESET);
../Src/main.c: 19 warnings, 0 errors
linking...
Program Size: Code=5088 RO-data=284 RW-data=12 ZI-data=1028  
FromELF: creating hex file...
"arm_lcd16x2_lib_test\arm_lcd16x2_lib_test.axf" - 0 Error(s), 19 Warning(s).
</pre>
</body>
</html>
arm_lcd16x2_lib_test\arm_lcd16x2_lib_test.axf" - 0 Error(s), 20 Warning(s).
renced
        int i,a;
../Src/main.c(170): warning:  #188-D: enumerated type mixed with another type
                            |GPIO_PIN_4|GPIO_PIN_5|GPIO_PIN_6|GPIO_PIN_7, GPIO_PIN_RESET);
../Src/main.c: 19 warnings, 0 errors
compiling dwt_stm32_delay.c...
compiling lcd.c...
linking...
Program Size: Code=5148 RO-data=284 RW-data=12 ZI-data=1028  
FromELF: creating hex file...
"arm_lcd16x2_lib_test\arm_lcd16x2_lib_test.axf" - 0 Error(s), 19 Warning(s).
Finished: 2 information, 0 warning and 1 error messages.
"arm_lcd16x2_lib_test\arm_lcd16x2_lib_test.axf" - 1 Error(s), 19 Warning(s).
Target not created
st image symbols.
Finished: 1 information, 0 warning and 1 error messages.
"arm_lcd16x2_lib_test\arm_lcd16x2_lib_test.axf" - 1 Error(s), 21 Warning(s).
Target not created
