mpu6050.c:5:6:initI2C	8	static
mpu6050.c:8:6:setClockSource	120	static
mpu6050.c:11:6:setSampleRate	112	static
mpu6050.c:15:6:setSleepEnable	112	static
mpu6050.c:18:6:setFullScaleGyroRange	120	static
mpu6050.c:21:9:getScaleGyroRange	96	static
mpu6050.c:24:6:setFullScaleAccelRange	120	static
mpu6050.c:27:9:getScaleAccelRange	96	static
mpu6050.c:30:9:getRegGYRO_CONFIG	96	static
mpu6050.c:33:9:getRegACCEL_CONFIG	96	static
mpu6050.c:40:7:getTemperature	96	static
mpu6050.c:45:9:deviceIsAvailable	104	static
mpu6050.c:54:6:initialize	8	static
mpu6050.c:61:6:getMotion6	112	static
